// Jest Snapshot v1, https://goo.gl/fbAQLP

exports[`should match snapshot  1`] = `
<div
  className="Pokecard"
>
  <h2
    data-testid="title"
  >
     
    Pikachu
     
  </h2>
  <div
    className="Pokecard-img"
  >
    <img
      alt="Pikachu"
      src="https://assets.pokemon.com/assets/cms2/img/pokedex/detail/003.png"
    />
  </div>
  <p
    className="Pokecard-data"
  >
    Type : 
    electric
  </p>
  <span
    className="Pokecard-data"
  >
    EXP : 
    112
     
  </span>
</div>
`;
